../Core/Src/main.c:391:13:MX_GPIO_Init	8	static
../Core/Src/main.c:371:13:MX_DMA_Init	16	static
../Core/Src/main.c:84:1:__io_putchar	16	static
../Core/Src/main.c:100:6:I2C_Bus_Recovery	48	static
../Core/Src/main.c:406:6:HAL_I2C_MemRxCpltCallback	0	static
../Core/Src/main.c:418:6:Error_Handler	0	static,ignoring_inline_asm
../Core/Src/main.c:342:13:MX_USART2_UART_Init	8	static
../Core/Src/main.c:268:6:SystemClock_Config	88	static
../Core/Src/main.c:307:6:MX_I2C1_Init	16	static
../Core/Src/main.c:139:5:main	24	static
